[mate.creatingo.com/index.html]
[backblue.gif]
[fade.gif]
[index.html]
[mate.creatingo.com/login.html]
[mate.creatingo.com/account.html]
[mate.creatingo.com/messages.html]
[mate.creatingo.com/register.html]
[mate.creatingo.com/reset-password.html]
[mate.creatingo.com/css-colors.html]
[mate.creatingo.com/css-typo.html]
[mate.creatingo.com/css-grid.html]
[mate.creatingo.com/css-shadow.html]
[mate.creatingo.com/css-media.html]
[mate.creatingo.com/css-table.html]
[mate.creatingo.com/ui-badges-chips.html]
[mate.creatingo.com/css-helpers.html]
[mate.creatingo.com/ui-buttons.html]
[mate.creatingo.com/ui-cards.html]
[mate.creatingo.com/ui-forms.html]
[mate.creatingo.com/ui-collections.html]
[mate.creatingo.com/ui-icons.html]
[mate.creatingo.com/ui-navigations.html]
[mate.creatingo.com/js-collapsible.html]
[mate.creatingo.com/ui-preloaders.html]
[mate.creatingo.com/js-dialogs.html]
[mate.creatingo.com/js-dropdown.html]
[mate.creatingo.com/js-media.html]
[mate.creatingo.com/js-modals.html]
[mate.creatingo.com/js-parallax.20.delayed]
[mate.creatingo.com/js-pushpin.html]
[mate.creatingo.com/js-scrollfire.html]
[mate.creatingo.com/js-scrollspy.html]
[mate.creatingo.com/js-sidenav.html]
[mate.creatingo.com/js-tabs.html]
[mate.creatingo.com/js-transitions.html]
[mate.creatingo.com/js-waves.html]
[mate.creatingo.com/sass.html]
[mate.creatingo.com/extra.html]
[mate.creatingo.com/imgs/wall-clock-detail_m.jpg]
[mate.creatingo.com/imgs/discounts_c01.jpg]
[mate.creatingo.com/imgs/sun-glasses_01.jpg]
[mate.creatingo.com/imgs/flaming_m02.jpg]
[mate.creatingo.com/imgs/idea-bulb.jpg]
[mate.creatingo.com/imgs/bm-using-laptop_m01.jpg]
[mate.creatingo.com/assets/js/bin/jquery-2.1.4.min.js]
[mate.creatingo.com/assets/js/bin/plugins/prism.js]
[mate.creatingo.com/assets/js/bin/plugins/simplebar.min.js]
[mate.creatingo.com/assets/js/bin/materialize.min.js]
[mate.creatingo.com/assets/js/bin/initialize.js]
[mate.creatingo.com/assets/js/bin/plugins/charts/chart.core.min.js]
[mate.creatingo.com/assets/js/bin/plugins/charts/chart.line.min.js]
[mate.creatingo.com/assets/js/bin/plugins/charts/chart.doughnut.min.js]
[mate.creatingo.com/assets/js/bin/plugins/charts/chart.bar.min.js]
[mate.creatingo.com/assets/js/bin/plugins/jquery.justifiedGallery.min.js]
[mate.creatingo.com/assets/js/bin/plugins/jquery.countTo.js]
[mate.creatingo.com/index.html]
[mate.creatingo.com/assets/css/preloader-stage.css]
[mate.creatingo.com/assets/font/material-design-icons/Material-Design-Iconsd41d.eot]
[mate.creatingo.com/assets/font/material-design-icons/Material-Design-Icons.woff2]
[mate.creatingo.com/assets/font/material-design-icons/Material-Design-Icons.woff]
[mate.creatingo.com/assets/font/material-design-icons/Material-Design-Icons.ttf]
[mate.creatingo.com/assets/font/roboto/Roboto-Thin.woff2]
[mate.creatingo.com/assets/font/roboto/Roboto-Thin.woff]
[mate.creatingo.com/assets/font/roboto/Roboto-Thin.ttf]
[mate.creatingo.com/assets/font/roboto/Roboto-Light.woff2]
[mate.creatingo.com/assets/font/roboto/Roboto-Light.woff]
[mate.creatingo.com/assets/font/roboto/Roboto-Light.ttf]
[mate.creatingo.com/assets/font/roboto/Roboto-Regular.woff2]
[mate.creatingo.com/assets/font/roboto/Roboto-Regular.woff]
[mate.creatingo.com/assets/font/roboto/Roboto-Regular.ttf]
[mate.creatingo.com/assets/font/roboto/Roboto-Medium.woff2]
[mate.creatingo.com/assets/font/roboto/Roboto-Medium.woff]
[mate.creatingo.com/assets/font/roboto/Roboto-Medium.ttf]
[mate.creatingo.com/assets/font/roboto/Roboto-Bold.woff2]
[mate.creatingo.com/assets/font/roboto/Roboto-Bold.woff]
[mate.creatingo.com/assets/font/roboto/Roboto-Bold.ttf]
[mate.creatingo.com/assets/css/materialize.css]
[mate.creatingo.com/assets/css/plugins/prism.css]
[mate.creatingo.com/assets/css/plugins/simplebar.css]
[mate.creatingo.com/assets/css/plugins/justifiedGallery.css]
[mate.creatingo.com/assets/css/assistance.css]
[mate.creatingo.com/imgs/admin-logo-full.svg]
[mate.creatingo.com/index-2.html]
[mate.creatingo.com/imgs/operator-female-smile_sml01.jpg]
[mate.creatingo.com/account.html]
[mate.creatingo.com/login.html]
[mate.creatingo.com/messages.html]
[mate.creatingo.com/register.html]
[mate.creatingo.com/reset-password.html]
[mate.creatingo.com/css-colors.html]
[mate.creatingo.com/css-typo.html]
[mate.creatingo.com/css-grid.html]
[mate.creatingo.com/css-shadow.html]
[mate.creatingo.com/videos/clouds2.mp4]
[mate.creatingo.com/videos/clouds2.ogv]
[mate.creatingo.com/videos/clouds2.webm]
[mate.creatingo.com/css-media.html]
[mate.creatingo.com/css-table.html]
[mate.creatingo.com/css-helpers.html]
[mate.creatingo.com/!.5a.delayed]
[mate.creatingo.com/ui-badges-chips.html]
[mate.creatingo.com/ui-buttons.html]
[mate.creatingo.com/imgs/lime2-splosh_m.jpg]
[mate.creatingo.com/ui-cards.html]
[mate.creatingo.com/imgs/pet_sm11.jpg]
[mate.creatingo.com/ui-collections.html]
[mate.creatingo.com/assets/js/bin/plugins/nouislider.5d.delayed]
[mate.creatingo.com/ui-forms.html]
[mate.creatingo.com/ui-icons.html]
[mate.creatingo.com/badges.5e.delayed]
[mate.creatingo.com/collapsible.5f.delayed]
[mate.creatingo.com/mobile.60.delayed]
[mate.creatingo.com/ui-navigations.html]
[mate.creatingo.com/ui-preloaders.html]
[mate.creatingo.com/js-collapsible.html]
[mate.creatingo.com/js-dialogs.html]
[mate.creatingo.com/js-dropdown.html]
[mate.creatingo.com/imgs/abstract-waves-b_m43.jpg]
[mate.creatingo.com/imgs/sharing-green-ideas_m01.jpg]
[mate.creatingo.com/imgs/brackens_m169.jpg]
[mate.creatingo.com/fullscreen-slider-demo.64.delayed]
[mate.creatingo.com/js-media.html]
[mate.creatingo.com/js-modals.html]
[mate.creatingo.com/js-parallax.html]
[mate.creatingo.com/js-pushpin.html]
[mate.creatingo.com/imgs/rocket-launch-cr01.jpg]
[mate.creatingo.com/js-scrollfire.html]
[mate.creatingo.com/js-scrollspy.html]
[mate.creatingo.com/js-sidenav.html]
[mate.creatingo.com/js-tabs.html]
[mate.creatingo.com/scrollfire.66.delayed]
[unsplash.imgix.net/reserve/nE6neNVdRPSIasnmePZe_IMG_1950b51f.jpg]
[mate.creatingo.com/js-transitions.html]
[mate.creatingo.com/js-waves.html]
[mate.creatingo.com/sass.html]
[mate.creatingo.com/imgs/flatela-basic.jpg]
[mate.creatingo.com/imgs/elementa-font.jpg]
[mate.creatingo.com/imgs/cherry-splosh_smlx01.jpg]
[mate.creatingo.com/imgs/emoji-glow.jpg]
[mate.creatingo.com/imgs/ipad-iphone_sml01.jpg]
[mate.creatingo.com/imgs/european-flags-hs.jpg]
[mate.creatingo.com/imgs/money-back_01.jpg]
[mate.creatingo.com/imgs/goodluck-mosaic_smlx01.jpg]
[mate.creatingo.com/imgs/media-player-pressed.jpg]
[mate.creatingo.com/extra.html]
[mate.creatingo.com/assets/font/material-design-icons/Material-Design-Icons.svg]
[mate.creatingo.com/index-2.html]
[mate.creatingo.com/imgs/facebook.svg]
[mate.creatingo.com/imgs/twitter.svg]
[mate.creatingo.com/imgs/gplus.svg]
[mate.creatingo.com/imgs/facebook-w.svg]
[mate.creatingo.com/imgs/twitter-w.svg]
[mate.creatingo.com/imgs/gplus-w.svg]
[mate.creatingo.com/videos/clouds2.mp4]
[mate.creatingo.com/videos/clouds2.ogv]
[mate.creatingo.com/!.html]
[mate.creatingo.com/assets/js/bin/plugins/nouislider.html]
[mate.creatingo.com/badges.html]
[mate.creatingo.com/collapsible.html]
[mate.creatingo.com/mobile.html]
[mate.creatingo.com/fullscreen-slider-demo.html]
[mate.creatingo.com/scrollfire.html]
[mate.creatingo.com/videos/clouds2.webm]
[mate.creatingo.com/videos/clouds2.mp4]
[mate.creatingo.com/videos/clouds2.ogv]
